DELETE /api/v1/accounts/:id
DELETE /api/v1/budgets/:id
DELETE /api/v1/categorization-rules/:id
DELETE /api/v1/households/:id
DELETE /api/v1/households/:id/members/:userID
DELETE /api/v1/households/:id/members/me
DELETE /api/v1/households/:id/shared-budgets/:budgetID
DELETE /api/v1/households/:id/shared-goals/:goalID
DELETE /api/v1/plaid/items/:item_id
DELETE /api/v1/savings-goals/:id
DELETE /api/v1/transactions/:id
GET /api/v1/accounts
GET /api/v1/accounts/:id
GET /api/v1/accounts/:id/pii
GET /api/v1/accounts/:id/shares
GET /api/v1/ai/threads
GET /api/v1/ai/threads/:id/messages
GET /api/v1/assets
GET /api/v1/budgets
GET /api/v1/budgets/:id
GET /api/v1/budgets/:id/spend
GET /api/v1/categories
GET /api/v1/categorization-rules
GET /api/v1/categorization-rules/:id
GET /api/v1/dashboard/allocation
GET /api/v1/dashboard/budget-alerts
GET /api/v1/dashboard/cash-flow
GET /api/v1/dashboard/net-worth
GET /api/v1/dashboard/spend-by-category
GET /api/v1/dashboard/summary
GET /api/v1/h/ai/context
GET /api/v1/h/ai/threads
GET /api/v1/h/ai/threads/:id/messages
GET /api/v1/h/budgets/pace
GET /api/v1/h/dashboard
GET /api/v1/h/goals/progress
GET /api/v1/h/insights/accounts
GET /api/v1/h/insights/allocation
GET /api/v1/h/insights/net-worth
GET /api/v1/health
GET /api/v1/households/:id
GET /api/v1/households/:id/members
GET /api/v1/households/:id/shared-budgets
GET /api/v1/households/:id/shared-goals
GET /api/v1/me
GET /api/v1/me/scope
GET /api/v1/me/settings
GET /api/v1/plaid/items
GET /api/v1/plaid/items/:item_id/errors
GET /api/v1/savings-goals
GET /api/v1/savings-goals/:id
GET /api/v1/setup/status
GET /api/v1/transactions
GET /api/v1/transactions/:id
PATCH /api/v1/accounts/:id
PATCH /api/v1/budgets/:id
PATCH /api/v1/categorization-rules/:id
PATCH /api/v1/households/:id
PATCH /api/v1/households/:id/members/:userID
PATCH /api/v1/households/:id/shared-budgets/:budgetID
PATCH /api/v1/households/:id/shared-goals/:goalID
PATCH /api/v1/me/scope
PATCH /api/v1/me/settings
PATCH /api/v1/savings-goals/:id
PATCH /api/v1/transactions/:id
POST /api/v1/accounts
POST /api/v1/accounts/:id/trades
POST /api/v1/accounts/:id/transactions/import
POST /api/v1/accounts/:id/transactions/import/extract
POST /api/v1/ai/threads
POST /api/v1/ai/threads/:id/messages
POST /api/v1/assets/ensure
POST /api/v1/auth/signin
POST /api/v1/auth/signout
POST /api/v1/auth/signup
POST /api/v1/auth/signup-with-invite
POST /api/v1/budgets
POST /api/v1/categorization-rules
POST /api/v1/categorization-rules/apply
POST /api/v1/h/ai/threads
POST /api/v1/h/ai/threads/:id/messages
POST /api/v1/households
POST /api/v1/households/:id/invites
POST /api/v1/households/:id/shared-budgets
POST /api/v1/households/:id/shared-goals
POST /api/v1/households/:id/shared-goals/:goalID/contributions
POST /api/v1/households/:id/transfer-owner
POST /api/v1/invites/:token/accept
POST /api/v1/plaid/errors/:error_id/dismiss
POST /api/v1/plaid/errors/:error_id/retry
POST /api/v1/plaid/items/:item_id/sync-accounts
POST /api/v1/plaid/items/:item_id/sync-holdings
POST /api/v1/plaid/items/:item_id/sync-investment-transactions
POST /api/v1/plaid/items/:item_id/sync-transactions
POST /api/v1/plaid/link/exchange
POST /api/v1/plaid/link/token
POST /api/v1/savings-goals
POST /api/v1/savings-goals/:id/contributions
POST /api/v1/setup/admin
POST /api/v1/transactions
POST /api/v1/transactions/import/jobs/:job_id/commit
PUT /api/v1/accounts/:id/pii
PUT /api/v1/accounts/:id/shares/:householdID
